go : # backend/interna
l/repository/postgres
At line:1 char:1
+ go build ./... > 
build_errors.txt 
2>&1; cat 
build_errors.txt
+ ~~~~~~~~~~~~~~~~~~~~
~~~~~~~~~~~~~~~~~~
    + CategoryInfo    
          : NotSpeci  
  fied: (# backend/   
 internal/reposito    
ry/postgres:Strin    
g) [], RemoteExce    
ption
    + FullyQualifiedE 
   rrorId : NativeCo  
  mmandError
 
internal\repository\po
stgres\refresh_token_r
epo.go:20:9: cannot 
use &refreshTokenRepo{
â€¦} (value of type 
*refreshTokenRepo) as 
"backend/internal/doma
in/user".RefreshTokenR
epository value in 
return statement: 
*refreshTokenRepo 
does not implement "ba
ckend/internal/domain/
user".RefreshTokenRepo
sitory (missing 
method DeleteExpired)
internal\repository\po
stgres\user_repo.go:21
:9: cannot use 
&userRepo{â€¦} (value 
of type *userRepo) as 
"backend/internal/doma
in/user".UserRepositor
y value in return 
statement: *userRepo 
does not implement "ba
ckend/internal/domain/
user".UserRepository 
(missing method 
UpdatePresence)
internal\repository\po
stgres\user_repo.go:63
:17: cannot use tsToTi
mePtr(dbUser.LastSeenA
t) (value of type 
*time.Time) as 
time.Time value in 
assignment
internal\repository\po
stgres\user_repo.go:12
7:3: unknown field 
AvatarUrl in struct 
literal of type "backe
nd/internal/domain/use
r".User, but does 
have AvatarURL
internal\repository\po
stgres\user_repo.go:13
1:23: cannot use tsToT
imePtr(dbUser.LastSeen
At) (value of type 
*time.Time) as 
time.Time value in 
struct literal
